// Jest Snapshot v1, https://goo.gl/fbAQLP

exports[`Step function Repository sendTaskFailure should call SendTaskFailureCommand 1`] = `
{
  "cause": "{"message":"message","code":"code","name":"name"}",
  "error": "code",
  "taskToken": undefined,
}
`;

exports[`Step function Repository sendTaskFailure should not throw when exceed payload size limit and call SendTaskFailureCommand 1`] = `
{
  "cause": "{"message":"message","code":"errorCodeerrorCodeerrorCodeerrorCodeerrorCodeerrorCodeerrorCodeerrorCodeerrorCodeerrorCodeerrorCodeerrorCodeerrorCodeerrorCodeerrorCodeerrorCodeerrorCodeerrorCodeerrorCodeerrorCodeerrorCodeerrorCodeerrorCodeerrorCodeerrorCodeerrorCodeerrorCodeerrorCodeerrorCodeerrorCodeerrorCodeerrorCodeerrorCodeerrorCodeerrorCodeerrorCodeerrorCodeerrorCodeerrorCodeerrorCodeerrorCodeerrorCodeerrorCodeerrorCodeerrorCodeerrorCodeerrorCodeerrorCodeerrorCodeerrorCodeerrorCodeerrorCodeerrorCodeerrorCodeerrorCodeerrorCodeerrorCodeerrorCodeerrorCodeerrorCodeerrorCodeerrorCodeerrorCodeerrorCodeerrorCodeerrorCodeerrorCodeerrorCodeerrorCodeerrorCodeerrorCodeerrorCodeerrorCodeerrorCodeerrorCodeerrorCodeerrorCodeerrorCodeerrorCodeerrorCodeerrorCodeerrorCodeerrorCodeerrorCodeerrorCodeerrorCodeerrorCodeerrorCodeerrorCodeerrorCodeerrorCodeerrorCodeerrorCodeerrorCodeerrorCodeerrorCodeerrorCodeerrorCodeerrorCodeerrorCodeerrorCodeerrorCodeerrorCodeerrorCodeerrorCodeerrorCodeerrorCodeerrorCodeerrorCodeerrorCodeerrorCodeerrorCodeerrorCodeerrorCodeerrorCodeerrorCodeerrorCodeerrorCodeerrorCodeerrorCodeerrorCodeerrorCodeerrorCodeerrorCodeerrorCodeerrorCodeerrorCodeerrorCodeerrorCodeerrorCodeerrorCodeerrorCodeerrorCodeerrorCodeerrorCodeerrorCodeerrorCodeerrorCodeerrorCodeerrorCodeerrorCodeerrorCodeerrorCodeerrorCodeerrorCodeerrorCodeerrorCodeerrorCodeerrorCodeerrorCodeerrorCodeerrorCodeerrorCodeerrorCodeerrorCodeerrorCodeerrorCodeerrorCodeerrorCodeerrorCodeerrorCodeerrorCodeerrorCodeerrorCodeerrorCodeerrorCodeerrorCodeerrorCodeerrorCodeerrorCodeerrorCodeerrorCodeerrorCodeerrorCodeerrorCodeerrorCodeerrorCodeerrorCodeerrorCodeerrorCodeerrorCodeerrorCodeerrorCodeerrorCodeerrorCodeerrorCodeerrorCodeerrorCodeerrorCodeerrorCodeerrorCodeerrorCodeerrorCodeerrorCodeerrorCodeerrorCodeerrorCodeerrorCodeerrorCodeerrorCodeerrorCodeerrorCodeerrorCodeerrorCodeerrorCodeerrorCodeerrorCodeerrorCodeerrorCodeerrorCodeerrorCodeerrorCodeerrorCodeerrorCodeerrorCodeerrorCodeerrorCodeerrorCodeerrorCodeerrorCodeerrorCodeerrorCodeerrorCodeerrorCodeerrorCodeerrorCodeerrorCodeerrorCodeerrorCodeerrorCodeerrorCodeerrorCodeerrorCodeerrorCodeerrorCodeerrorCodeerrorCodeerrorCodeerrorCodeerrorCodeerrorCodeerrorCodeerrorCodeerrorCodeerrorCodeerrorCodeerrorCodeerrorCodeerrorCodeerrorCodeerrorCodeerrorCodeerrorCodeerrorCodeerrorCodeerrorCodeerrorCodeerrorCodeerrorCodeerrorCodeerrorCodeerrorCodeerrorCodeerrorCodeerrorCodeerrorCodeerrorCodeerrorCodeerrorCodeerrorCodeerrorCodeerrorCodeerrorCodeerrorCodeerrorCodeerrorCodeerrorCodeerrorCodeerrorCodeerrorCodeerrorCodeerrorCodeerrorCodeerrorCodeerrorCodeerrorCodeerrorCodeerrorCodeerrorCodeerrorCodeerrorCodeerrorCodeerrorCodeerrorCodeerrorCodeerrorCodeerrorCodeerrorCodeerrorCodeerrorCodeerrorCodeerrorCodeerrorCodeerrorCodeerrorCodeerrorCodeerrorCodeerrorCodeerrorCodeerrorCodeerrorCodeerrorCodeerrorCodeerrorCodeerrorCodeerrorCodeerrorCodeerrorCodeerrorCodeerrorCodeerrorCodeerrorCodeerrorCodeerrorCodeerrorCodeerrorCodeerrorCodeerrorCodeerrorCodeerrorCodeerrorCodeerrorCodeerrorCodeerrorCodeerrorCodeerrorCodeerrorCodeerrorCodeerrorCodeerrorCodeerrorCodeerrorCodeerrorCodeerrorCodeerrorCodeerrorCodeerrorCodeerrorCodeerrorCodeerrorCodeerrorCodeerrorCodeerrorCodeerrorCodeerrorCodeerrorCodeerrorCodeerrorCodeerrorCodeerrorCodeerrorCodeerrorCodeerrorCodeerrorCodeerrorCodeerrorCodeerrorCodeerrorCodeerrorCodeerrorCodeerrorCodeerrorCodeerrorCodeerrorCodeerrorCodeerrorCodeerrorCodeerrorCodeerrorCodeerrorCodeerrorCodeerrorCodeerrorCodeerrorCodeerrorCodeerrorCodeerrorCodeerrorCodeerrorCodeerrorCodeerrorCodeerrorCodeerrorCodeerrorCodeerrorCodeerrorCodeerrorCodeerrorCodeerrorCodeerrorCodeerrorCodeerrorCodeerrorCodeerrorCodeerrorCodeerrorCodeerrorCodeerrorCodeerrorCodeerrorCodeerrorCodeerrorCodeerrorCodeerrorCodeerrorCodeerrorCodeerrorCodeerrorCodeerrorCodeerrorCodeerrorCodeerrorCodeerrorCodeerrorCodeerrorCodeerrorCodeerrorCodeerrorCodeerrorCodeerrorCodeerrorCodeerrorCodeerrorCodeerrorCodeerrorCodeerrorCodeerrorCodeerrorCodeerrorCodeerrorCodeerrorCodeerrorCodeerrorCodeerrorCodeerrorCodeerrorCodeerrorCodeerrorCodeerrorCodeerrorCodeerrorCodeerrorCodeerrorCodeerrorCodeerrorCodeerrorCodeerrorCodeerrorCodeerrorCodeerrorCodeerrorCodeerrorCodeerrorCodeerrorCodeerrorCodeerrorCodeerrorCodeerrorCodeerrorCodeerrorCodeerrorCodeerrorCodeerrorCodeerrorCodeerrorCodeerrorCodeerrorCodeerrorCodeerrorCodeerrorCodeerrorCodeerrorCodeerrorCodeerrorCodeerrorCodeerrorCodeerrorCodeerrorCodeerrorCodeerrorCodeerrorCodeerrorCodeerrorCodeerrorCodeerrorCodeerrorCodeerrorCodeerrorCodeerrorCodeerrorCodeerrorCodeerrorCodeerrorCodeerrorCodeerrorCodeerrorCodeerrorCodeerrorCodeerrorCodeerrorCodeerrorCodeerrorCodeerrorCodeerrorCodeerrorCodeerrorCodeerrorCodeerrorCodeerrorCodeerrorCodeerrorCodeerrorCodeerrorCodeerrorCodeerrorCodeerrorCodeerrorCodeerrorCodeerrorCodeerrorCodeerrorCodeerrorCodeerrorCodeerrorCodeerrorCodeerrorCodeerrorCodeerrorCodeerrorCodeerrorCodeerrorCodeerrorCodeerrorCodeerrorCodeerrorCodeerrorCodeerrorCodeerrorCodeerrorCodeerrorCodeerrorCodeerrorCodeerrorCodeerrorCodeerrorCodeerrorCodeerrorCodeerrorCodeerrorCodeerrorCodeerrorCodeerrorCodeerrorCodeerrorCodeerrorCodeerrorCodeerrorCodeerrorCodeerrorCodeerrorCodeerrorCodeerrorCodeerrorCodeerrorCodeerrorCodeerrorCodeerrorCodeerrorCodeerrorCodeerrorCodeerrorCodeerrorCodeerrorCodeerrorCodeerrorCodeerrorCodeerrorCodeerrorCodeerrorCodeerrorCodeerrorCodeerrorCodeerrorCodeerrorCodeerrorCodeerrorCodeerrorCodeerrorCodeerrorCodeerrorCodeerrorCodeerrorCodeerrorCodeerrorCodeerrorCodeerrorCodeerrorCodeerrorCodeerrorCodeerrorCodeerrorCodeerrorCodeerrorCodeerrorCodeerrorCodeerrorCodeerrorCodeerrorCodeerrorCodeerrorCodeerrorCodeerrorCodeerrorCodeerrorCodeerrorCodeerrorCodeerrorCodeerrorCodeerrorCodeerrorCodeerrorCodeerrorCodeerrorCodeerrorCodeerrorCodeerrorCodeerrorCodeerrorCodeerrorCodeerrorCodeerrorCodeerrorCodeerrorCodeerrorCodeerrorCodeerrorCodeerrorCodeerrorCodeerrorCodeerrorCodeerrorCodeerrorCodeerrorCodeerrorCodeerrorCodeerrorCodeerrorCodeerrorCodeerrorCodeerrorCodeerrorCodeerrorCodeerrorCodeerrorCodeerrorCodeerrorCodeerrorCodeerrorCodeerrorCodeerrorCodeerrorCodeerrorCodeerrorCodeerrorCodeerrorCodeerrorCodeerrorCodeerrorCodeerrorCodeerrorCodeerrorCodeerrorCodeerrorCodeerrorCodeerrorCodeerrorCodeerrorCodeerrorCodeerrorCodeerrorCodeerrorCodeerrorCodeerrorCodeerrorCodeerrorCodeerrorCodeerrorCodeerrorCodeerrorCodeerrorCodeerrorCodeerrorCodeerrorCodeerrorCodeerrorCodeerrorCodeerrorCodeerrorCodeerrorCodeerrorCodeerrorCodeerrorCodeerrorCodeerrorCodeerrorCodeerrorCodeerrorCodeerrorCodeerrorCodeerrorCodeerrorCodeerrorCodeerrorCodeerrorCodeerrorCodeerrorCodeerrorCodeerrorCodeerrorCodeerrorCodeerrorCodeerrorCodeerrorCodeerrorCodeerrorCodeerrorCodeerrorCodeerrorCodeerrorCodeerrorCodeerrorCodeerrorCodeerrorCodeerrorCodeerrorCodeerrorCodeerrorCodeerrorCodeerrorCodeerrorCodeerrorCodeerrorCodeerrorCodeerrorCodeerrorCodeerrorCodeerrorCodeerrorCodeerrorCodeerrorCodeerrorCodeerrorCodeerrorCodeerrorCodeerrorCodeerrorCodeerrorCodeerrorCodeerrorCodeerrorCodeerrorCodeerrorCodeerrorCodeerrorCodeerrorCodeerrorCodeerrorCodeerrorCodeerrorCodeerrorCodeerrorCodeerrorCodeerrorCodeerrorCodeerrorCodeerrorCodeerrorCodeerrorCodeerrorCodeerrorCodeerrorCodeerrorCodeerrorCodeerrorCodeerrorCodeerrorCodeerrorCodeerrorCodeerrorCodeerrorCodeerrorCodeerrorCodeerrorCodeerrorCodeerrorCodeerrorCodeerrorCodeerrorCodeerrorCodeerrorCodeerrorCodeerrorCodeerrorCodeerrorCodeerrorCodeerrorCodeerrorCodeerrorCodeerrorCodeerrorCodeerrorCodeerrorCodeerrorCodeerrorCodeerrorCodeerrorCodeerrorCodeerrorCodeerrorCodeerrorCodeerrorCodeerrorCodeerrorCodeerrorCodeerrorCodeerrorCodeerrorCodeerrorCodeerrorCodeerrorCodeerrorCodeerrorCodeerrorCodeerrorCodeerrorCodeerrorCodeerrorCodeerrorCodeerrorCodeerrorCodeerrorCodeerrorCodeerrorCodeerrorCodeerrorCodeerrorCodeerrorCodeerrorCodeerrorCodeerrorCodeerrorCodeerrorCodeerrorCodeerrorCodeerrorCodeerrorCodeerrorCodeerrorCodeerrorCodeerrorCodeerrorCodeerrorCodeerrorCodeerrorCodeerrorCodeerrorCodeerrorCodeerrorCodeerrorCodeerrorCodeerrorCodeerrorCodeerrorCodeerrorCodeerrorCodeerrorCodeerrorCodeerrorCodeerrorCodeerrorCodeerrorCodeerrorCodeerrorCodeerrorCodeerrorCodeerrorCodeerrorCodeerrorCodeerrorCodeerrorCodeerrorCodeerrorCodeerrorCodeerrorCodeerrorCodeerrorCodeerrorCodeerrorCodeerrorCodeerrorCodeerrorCodeerrorCodeerrorCodeerrorCodeerrorCodeerrorCodeerrorCodeerrorCodeerrorCodeerrorCodeerrorCodeerrorCodeerrorCodeerrorCodeerrorCodeerrorCodeerrorCodeerrorCodeerrorCodeerrorCodeerrorCodeerrorCodeerrorCodeerrorCodeerrorCodeerrorCodeerrorCodeerrorCodeerrorCodeerrorCodeerrorCodeerrorCodeerrorCodeerrorCodeerrorCodeerrorCodeerrorCodeerrorCodeerrorCodeerrorCodeerrorCodeerrorCodeerrorCodeerrorCodeerrorCodeerrorCodeerrorCodeerrorCodeerrorCodeerrorCodeerrorCodeerrorCodeerrorCodeerrorCodeerrorCodeerrorCodeerrorCodeerrorCodeerrorCodeerrorCodeerrorCodeerrorCodeerrorCodeerrorCodeerrorCodeerrorCodeerrorCodeerrorCodeerrorCodeerrorCodeerrorCodeerrorCodeerrorCodeerrorCodeerrorCodeerrorCodeerrorCodeerrorCodeerrorCodeerrorCodeerrorCodeerrorCodeerrorCodeerrorCodeerrorCodeerrorCodeerrorCodeerrorCodeerrorCodeerrorCodeerrorCodeerrorCodeerrorCodeerrorCodeerrorCodeerrorCodeerrorCodeerrorCodeerrorCodeerrorCodeerrorCodeerrorCodeerrorCodeerrorCodeerrorCodeerrorCodeerrorCodeerrorCodeerrorCodeerrorCodeerrorCodeerrorCodeerrorCodeerrorCodeerrorCodeerrorCodeerrorCodeerrorCodeerrorCodeerrorCodeerrorCodeerrorCodeerrorCodeerrorCodeerrorCodeerrorCodeerrorCodeerrorCodeerrorCodeerrorCodeerrorCodeerrorCodeerrorCodeerrorCodeerrorCodeerrorCodeerrorCodeerrorCodeerrorCodeerrorCodeerrorCodeerrorCodeerrorCodeerrorCodeerrorCodeerrorCodeerrorCodeerrorCodeerrorCodeerrorCodeerrorCodeerrorCodeerrorCodeerrorCodeerrorCodeerrorCodeerrorCodeerrorCodeerrorCodeerrorCodeerrorCodeerrorCodeerrorCodeerrorCodeerrorCodeerrorCodeerrorCodeerrorCodeerrorCodeerrorCodeerrorCodeerrorCodeerrorCodeerrorCodeerrorCodeerrorCodeerrorCodeerrorCodeerrorCodeerrorCodeerrorCodeerrorCodeerrorCodeerrorCodeerrorCodeerrorCodeerrorCodeerrorCodeerrorCodeerrorCodeerrorCodeerrorCodeerrorCodeerrorCodeerrorCodeerrorCodeerrorCodeerrorCodeerrorCodeerrorCodeerrorCodeerrorCodeerrorCodeerrorCodeerrorCodeerrorCodeerrorCodeerrorCodeerrorCodeerrorCodeerrorCodeerrorCodeerrorCodeerrorCodeerrorCodeerrorCodeerrorCodeerrorCodeerrorCodeerrorCodeerrorCodeerrorCodeerrorCodeerrorCodeerrorCodeerrorCodeerrorCodeerrorCodeerrorCodeerrorCodeerrorCodeerrorCodeerrorCodeerrorCodeerrorCodeerrorCodeerrorCodeerrorCodeerrorCodeerrorCodeerrorCodeerrorCodeerrorCodeerrorCodeerrorCodeerrorCodeerrorCodeerrorCodeerrorCodeerrorCodeerrorCodeerrorCodeerrorCodeerrorCodeerrorCodeerrorCodeerrorCodeerrorCodeerrorCodeerrorCodeerrorCodeerrorCodeerrorCodeerrorCodeerrorCodeerrorCodeerrorCodeerrorCodeerrorCodeerrorCodeerrorCodeerrorCodeerrorCodeerrorCodeerrorCodeerrorCodeerrorCodeerrorCodeerrorCodeerrorCodeerrorCodeerrorCodeerrorCodeerrorCodeerrorCodeerrorCodeerrorCodeerrorCodeerrorCodeerrorCodeerrorCodeerrorCodeerrorCodeerrorCodeerrorCodeerrorCodeerrorCodeerrorCodeerrorCodeerrorCodeerrorCodeerrorCodeerrorCodeerrorCodeerrorCodeerrorCodeerrorCodeerrorCodeerrorCodeerrorCodeerrorCodeerrorCodeerrorCodeerrorCodeerrorCodeerrorCodeerrorCodeerrorCodeerrorCodeerrorCodeerrorCodeerrorCodeerrorCodeerrorCodeerrorCodeerrorCodeerrorCodeerrorCodeerrorCodeerrorCodeerrorCodeerrorCodeerrorCodeerrorCodeerrorCodeerrorCodeerrorCodeerrorCodeerrorCodeerrorCodeerrorCodeerrorCodeerrorCodeerrorCodeerrorCodeerrorCodeerrorCodeerrorCodeerrorCodeerrorCodeerrorCodeerrorCodeerrorCodeerrorCodeerrorCodeerrorCodeerrorCodeerrorCodeerrorCodeerrorCodeerrorCodeerrorCodeerrorCodeerrorCodeerrorCodeerrorCodeerrorCodeerrorCodeerrorCodeerrorCodeerrorCodeerrorCodeerrorCodeerrorCodeerrorCodeerrorCodeerrorCodeerrorCodeerrorCodeerrorCodeerrorCodeerrorCodeerrorCodeerrorCodeerrorCodeerrorCodeerrorCodeerrorCodeerrorCodeerrorCodeerrorCodeerrorCodeerrorCodeerrorCodeerrorCodeerrorCodeerrorCodeerrorCodeerrorCodeerrorCodeerrorCodeerrorCodeerrorCodeerrorCodeerrorCodeerrorCodeerrorCodeerrorCodeerrorCodeerrorCodeerrorCodeerrorCodeerrorCodeerrorCodeerrorCodeerrorCodeerrorCodeerrorCodeerrorCodeerrorCodeerrorCodeerrorCodeerrorCodeerrorCodeerrorCodeerrorCodeerrorCodeerrorCodeerrorCodeerrorCodeerrorCodeerrorCodeerrorCodeerrorCodeerrorCodeerrorCodeerrorCodeerrorCodeerrorCodeerrorCodeerrorCodeerrorCodeerrorCodeerrorCodeerrorCodeerrorCodeerrorCodeerrorCodeerrorCodeerrorCodeerrorCodeerrorCodeerrorCodeerrorCodeerrorCodeerrorCodeerrorCodeerrorCodeerrorCodeerrorCodeerrorCodeerrorCodeerrorCodeerrorCodeerrorCodeerrorCodeerrorCodeerrorCodeerrorCodeerrorCodeerrorCodeerrorCodeerrorCodeerrorCodeerrorCodeerrorCodeerrorCodeerrorCodeerrorCodeerrorCodeerrorCodeerrorCodeerrorCodeerrorCodeerrorCodeerrorCodeerrorCodeerrorCodeerrorCodeerrorCodeerrorCodeerrorCodeerrorCodeerrorCodeerrorCodeerrorCodeerrorCodeerrorCodeerrorCodeerrorCodeerrorCodeerrorCodeerrorCodeerrorCodeerrorCodeerrorCodeerrorCodeerrorCodeerrorCodeerrorCodeerrorCodeerrorCodeerrorCodeerrorCodeerrorCodeerrorCodeerrorCodeerrorCodeerrorCodeerrorCodeerrorCodeerrorCodeerrorCodeerrorCodeerrorCodeerrorCodeerrorCodeerrorCodeerrorCodeerrorCodeerrorCodeerrorCodeerrorCodeerrorCodeerrorCodeerrorCodeerrorCodeerrorCodeerrorCodeerrorCodeerrorCodeerrorCodeerrorCodeerrorCodeerrorCodeerrorCodeerrorCodeerrorCodeerrorCodeerrorCodeerrorCodeerrorCodeerrorCodeerrorCodeerrorCodeerrorCodeerrorCodeerrorCodeerrorCodeerrorCodeerrorCodeerrorCodeerrorCodeerrorCodeerrorCodeerrorCodeerrorCodeerrorCodeerrorCodeerrorCodeerrorCodeerrorCodeerrorCodeerrorCodeerrorCodeerrorCodeerrorCodeerrorCodeerrorCodeerrorCodeerrorCodeerrorCodeerrorCodeerrorCodeerrorCodeerrorCodeerrorCodeerrorCodeerrorCodeerrorCodeerrorCodeerrorCodeerrorCodeerrorCodeerrorCodeerrorCodeerrorCodeerrorCodeerrorCodeerrorCodeerrorCodeerrorCodeerrorCodeerrorCodeerrorCodeerrorCodeerrorCodeerrorCodeerrorCodeerrorCodeerrorCodeerrorCodeerrorCodeerrorCodeerrorCodeerrorCodeerrorCodeerrorCodeerrorCodeerrorCodeerrorCodeerrorCodeerrorCodeerrorCodeerrorCodeerrorCodeerrorCodeerrorCodeerrorCodeerrorCodeerrorCodeerrorCodeerrorCodeerrorCodeerrorCodeerrorCodeerrorCodeerrorCodeerrorCodeerrorCodeerrorCodeerrorCodeerrorCodeerrorCodeerrorCodeerrorCodeerrorCodeerrorCodeerrorCodeerrorCodeerrorCodeerrorCodeerrorCodeerrorCodeerrorCodeerrorCodeerrorCodeerrorCodeerrorCodeerrorCodeerrorCodeerrorCodeerrorCodeerrorCodeerrorCodeerrorCodeerrorCodeerrorCodeerrorCodeerrorCodeerrorCodeerrorCodeerrorCodeerrorCodeerrorCodeerrorCodeerrorCodeerrorCodeerrorCodeerrorCodeerrorCodeerrorCodeerrorCodeerrorCodeerrorCodeerrorCodeerrorCodeerrorCodeerrorCodeerrorCodeerrorCodeerrorCodeerrorCodeerrorCodeerrorCodeerrorCodeerrorCodeerrorCodeerrorCodeerrorCodeerrorCodeerrorCodeerrorCodeerrorCodeerrorCodeerrorCodeerrorCodeerrorCodeerrorCodeerrorCodeerrorCodeerrorCodeerrorCodeerrorCodeerrorCodeerrorCodeerrorCodeerrorCodeerrorCodeerrorCodeerrorCodeerrorCodeerrorCodeerrorCodeerrorCodeerrorCodeerrorCodeerrorCodeerrorCodeerrorCodeerrorCodeerrorCodeerrorCodeerrorCodeerrorCodeerrorCodeerrorCodeerrorCodeerrorCodeerrorCodeerrorCodeerrorCodeerrorCodeerrorCodeerrorCodeerrorCodeerrorCodeerrorCodeerrorCodeerrorCodeerrorCodeerrorCodeerrorCodeerrorCodeerrorCodeerrorCodeerrorCodeerrorCodeerrorCodeerrorCodeerrorCodeerrorCodeerrorCodeerrorCodeerrorCodeerrorCodeerrorCodeerrorCodeerrorCodeerrorCodeerrorCodeerrorCodeerrorCodeerrorCodeerrorCodeerrorCodeerrorCodeerrorCodeerrorCodeerrorCodeerrorCodeerrorCodeerrorCodeerrorCodeerrorCodeerrorCodeerrorCodeerrorCodeerrorCodeerrorCodeerrorCodeerrorCodeerrorCodeerrorCodeerrorCodeerrorCodeerrorCodeerrorCodeerrorCodeerrorCodeerrorCodeerrorCodeerrorCodeerrorCodeerrorCodeerrorCodeerrorCodeerrorCodeerrorCodeerrorCodeerrorCodeerrorCodeerrorCodeerrorCodeerrorCodeerrorCodeerrorCodeerrorCodeerrorCodeerrorCodeerrorCodeerrorCodeerrorCodeerrorCodeerrorCodeerrorCodeerrorCodeerrorCodeerrorCodeerrorCodeerrorCodeerrorCodeerrorCodeerrorCodeerrorCodeerrorCodeerrorCodeerrorCodeerrorCodeerrorCodeerrorCodeerrorCodeerrorCodeerrorCodeerrorCodeerrorCodeerrorCodeerrorCodeerrorCodeerrorCodeerrorCodeerrorCodeerrorCodeerrorCodeerrorCodeerrorCodeerrorCodeerrorCodeerrorCodeerrorCodeerrorCodeerrorCodeerrorCodeerrorCodeerrorCodeerrorCodeerrorCodeerrorCodeerrorCodeerrorCodeerrorCodeerrorCodeerrorCodeerrorCodeerrorCodeerrorCodeerrorCodeerrorCodeerrorCodeerrorCodeerrorCodeerrorCodeerrorCodeerrorCodeerrorCodeerrorCodeerrorCodeerrorCodeerrorCodeerrorCodeerrorCodeerrorCodeerrorCodeerrorCodeerrorCodeerrorCodeerrorCodeerrorCodeerrorCodeerrorCodeerrorCodeerrorCodeerrorCodeerrorCodeerrorCodeerrorCodeerrorCodeerrorCodeerrorCodeerrorCodeerrorCodeerrorCodeerrorCodeerrorCodeerrorCodeerrorCodeerrorCodeerrorCodeerrorCodeerrorCodeerrorCodeerrorCodeerrorCodeerrorCodeerrorCodeerrorCodeerrorCodeerrorCodeerrorCodeerrorCodeerrorCodeerrorCodeerrorCodeerrorCodeerrorCodeerrorCodeerrorCodeerrorCodeerrorCodeerrorCodeerrorCodeerrorCodeerrorCodeerrorCodeerrorCodeerrorCodeerrorCodeerrorCodeerrorCodeerrorCodeerrorCodeerrorCodeerrorCodeerrorCodeerrorCodeerrorCodeerrorCodeerrorCodeerrorCodeerrorCodeerrorCodeerrorCodeerrorCodeerrorCodeerrorCodeerrorCodeerrorCodeerrorCodeerrorCodeerrorCodeerrorCodeerrorCodeerrorCodeerrorCodeerrorCodeerrorCodeerrorCodeerrorCodeerrorCodeerrorCodeerrorCodeerrorCodeerrorCodeerrorCodeerrorCodeerrorCodeerrorCodeerrorCodeerrorCodeerrorCodeerrorCodeerrorCodeerrorCodeerrorCodeerrorCodeerrorCodeerrorCodeerrorCodeerrorCodeerrorCodeerrorCodeerrorCodeerrorCodeerrorCodeerrorCodeerrorCodeerrorCodeerrorCodeerrorCodeerrorCodeerrorCodeerrorCodeerrorCodeerrorCodeerrorCodeerrorCodeerrorCodeerrorCodeerrorCodeerrorCodeerrorCodeerrorCodeerrorCodeerrorCodeerrorCodeerrorCodeerrorCodeerrorCodeerrorCodeerrorCodeerrorCodeerrorCodeerrorCodeerrorCodeerrorCodeerrorCodeerrorCodeerrorCodeerrorCodeerrorCodeerrorCodeerrorCodeerrorCodeerrorCodeerrorCodeerrorCodeerrorCodeerrorCodeerrorCodeerrorCodeerrorCodeerrorCodeerrorCodeerrorCodeerrorCodeerrorCodeerrorCodeerrorCodeerrorCodeerrorCodeerrorCodeerrorCodeerrorCodeerrorCodeerrorCodeerrorCodeerrorCodeerrorCodeerrorCodeerrorCodeerrorCodeerrorCodeerrorCodeerrorCodeerrorCodeerrorCodeerrorCodeerrorCodeerrorCodeerrorCodeerrorCodeerrorCodeerrorCodeerrorCodeerrorCodeerrorCodeerrorCodeerrorCodeerrorCodeerrorCodeerrorCodeerrorCodeerrorCodeerrorCodeerrorCodeerrorCodeerrorCodeerrorCodeerrorCodeerrorCodeerrorCodeerrorCodeerrorCodeerrorCodeerrorCodeerrorCodeerrorCodeerrorCodeerrorCodeerrorCodeerrorCodeerrorCodeerrorCodeerrorCodeerrorCodeerrorCodeerrorCodeerrorCodeerrorCodeerrorCodeerrorCodeerrorCodeerrorCodeerrorCodeerrorCodeerrorCodeerrorCodeerrorCodeerrorCodeerrorCodeerrorCodeerrorCodeerrorCodeerrorCodeerrorCodeerrorCodeerrorCodeerrorCodeerrorCodeerrorCodeerrorCodeerrorCodeerrorCodeerrorCodeerrorCodeerrorCodeerrorCodeerrorCodeerrorCodeerrorCodeerrorCodeerrorCodeerrorCodeerrorCodeerrorCodeerrorCodeerrorCodeerrorCodeerrorCodeerrorCodeerrorCodeerrorCodeerrorCodeerrorCodeerrorCodeerrorCodeerrorCodeerrorCodeerrorCodeerrorCodeerrorCodeerrorCodeerrorCodeerrorCodeerrorCodeerrorCodeerrorCodeerrorCodeerrorCodeerrorCodeerrorCodeerrorCodeerrorCodeerrorCodeerrorCodeerrorCodeerrorCodeerrorCodeerrorCodeerrorCodeerrorCodeerrorCodeerrorCodeerrorCodeerrorCodeerrorCodeerrorCodeerrorCodeerrorCodeerrorCodeerrorCodeerrorCodeerrorCodeerrorCodeerrorCodeerrorCodeerrorCodeerrorCodeerrorCodeerrorCodeerrorCodeerrorCodeerrorCodeerrorCodeerrorCodeerrorCodeerrorCodeerrorCodeerrorCodeerrorCodeerrorCodeerrorCodeerrorCodeerrorCodeerrorCodeerrorCodeerrorCodeerrorCodeerrorCodeerrorCodeerrorCodeerrorCodeerrorCodeerrorCodeerrorCodeerrorCodeerrorCodeerrorCodeerrorCodeerrorCodeerrorCodeerrorCodeerrorCodeerrorCodeerrorCodeerrorCodeerrorCodeerrorCodeerrorCodeerrorCodeerrorCodeerrorCodeerrorCodeerrorCodeerrorCodeerrorCodeerrorCodeerrorCodeerrorCodeerrorCodeerrorCodeerrorCodeerrorCodeerrorCodeerrorCodeerrorCodeerrorCodeerrorCodeerrorCodeerrorCodeerrorCodeerrorCodeerrorCodeerrorCodeerrorCodeerrorCodeerrorCodeerrorCodeerrorCodeerrorCodeerrorCodeerrorCodeerrorCodeerrorCodeerrorCodeerrorCodeerrorCodeerrorCodeerrorCodeerrorCodeerrorCodeerrorCodeerrorCodeerrorCodeerrorCodeerrorCodeerrorCodeerrorCodeerrorCodeerrorCodeerrorCodeerrorCodeerrorCodeerrorCodeerrorCodeerrorCodeerrorCodeerrorCodeerrorCodeerrorCodeerrorCodeerrorCodeerrorCodeerrorCodeerrorCodeerrorCodeerrorCodeerrorCodeerrorCodeerrorCodeerrorCodeerrorCodeerrorCodeerrorCodeerrorCodeerrorCodeerrorCodeerrorCodeerrorCodeerrorCodeerrorCodeerrorCodeerrorCodeerrorCodeerrorCodeerrorCodeerrorCodeerrorCodeerrorCodeerrorCodeerrorCodeerrorCodeerrorCodeerrorCodeerrorCodeerrorCodeerrorCodeerrorCodeerrorCodeerrorCodeerrorCodeerrorCodeerrorCodeerrorCodeerrorCodeerrorCodeerrorCodeerrorCodeerrorCodeerrorCodeerrorCodeerrorCodeerrorCodeerrorCodeerrorCodeerrorCodeerrorCodeerrorCodeerrorCodeerrorCodeerrorCodeerrorCodeerrorCodeerrorCodeerrorCodeerrorCodeerrorCodeerrorCodeerrorCodeerrorCodeerrorCodeerrorCodeerrorCodeerrorCodeerrorCodeerrorCodeerrorCodeerrorCodeerrorCodeerrorCodeerrorCodeerrorCodeerrorCodeerrorCodeerrorCodeerrorCodeerrorCodeerrorCodeerrorCodeerrorCodeerrorCodeerrorCodeerrorCodeerrorCodeerrorCodeerrorCodeerrorCodeerrorCodeerrorCodeerrorCodeerrorCodeerrorCodeerrorCodeerrorCodeerrorCodeerrorCodeerrorCodeerrorCodeerrorCodeerrorCodeerrorCodeerrorCodeerrorCodeerrorCodeerrorCodeerrorCodeerrorCodeerrorCodeerrorCodeerrorCodeerrorCodeerrorCodeerrorCodeerrorCodeerrorCodeerrorCodeerrorCodeerrorCodeerrorCodeerrorCodeerrorCodeerrorCodeerrorCodeerrorCodeerrorCodeerrorCodeerrorCodeerrorCodeerrorCodeerrorCodeerrorCodeerrorCodeerrorCodeerrorCodeerrorCodeerrorCodeerrorCodeerrorCodeerrorCodeerrorCodeerrorCodeerrorCodeerrorCodeerrorCodeerrorCodeerrorCodeerrorCodeerrorCodeerrorCodeerrorCodeerrorCodeerrorCodeerrorCodeerrorCodeerrorCodeerrorCodeerrorCodeerrorCodeerrorCodeerrorCodeerrorCodeerrorCodeerrorCodeerrorCodeerrorCodeerrorCodeerrorCodeerrorCodeerrorCodeerrorCodeerrorCodeerrorCodeerrorCodeerrorCodeerrorCodeerrorCodeerrorCodeerrorCodeerrorCodeerrorCodeerrorCodeerrorCodeerrorCodeerrorCodeerrorCodeerrorCodeerrorCodeerrorCodeerrorCodeerrorCodeerrorCodeerrorCodeerrorCodeerrorCodeerrorCodeerrorCodeerrorCodeerrorCodeerrorCodeerrorCodeerrorCodeerrorCodeerrorCodeerrorCodeerrorCodeerrorCodeerrorCodeerrorCodeerrorCodeerrorCodeerrorCodeerrorCodeerrorCodeerrorCodeerrorCodeerrorCodeerrorCodeerrorCodeerrorCodeerrorCodeerrorCodeerrorCodeerrorCodeerrorCodeerrorCodeerrorCodeerrorCodeerrorCodeerrorCodeerrorCodeerrorCodeerrorCodeerrorCodeerrorCodeerrorCodeerrorCodeerrorCodeerrorCodeerrorCodeerrorCodeerrorCodeerrorCodeerrorCodeerrorCodeerrorCodeerrorCodeerrorCodeerrorCodeerrorCodeerrorCodeerrorCodeerrorCodeerrorCodeerrorCodeerrorCodeerrorCodeerrorCodeerrorCodeerrorCodeerrorCodeerrorCodeerrorCodeerrorCodeerrorCodeerrorCodeerrorCodeerrorCodeerrorCodeerrorCodeerrorCodeerrorCodeerrorCodeerrorCodeerrorCodeerrorCodeerrorCodeerrorCodeerrorCodeerrorCodeerrorCodeerrorCodeerrorCodeerrorCodeerrorCodeerrorCodeerrorCodeerrorCodeerrorCodeerrorCodeerrorCodeerrorCodeerrorCodeerrorCodeerrorCodeerrorCodeerrorCodeerrorCodeerrorCodeerrorCodeerrorCodeerrorCodeerrorCodeerrorCodeerrorCodeerrorCodeerrorCodeerrorCodeerrorCodeerrorCodeerrorCodeerrorCodeerrorCodeerrorCodeerrorCodeerrorCodeerrorCodeerrorCodeerrorCodeerrorCodeerrorCodeerrorCodeerrorCodeerrorCodeerrorCodeerrorCodeerrorCodeerrorCodeerrorCodeerrorCodeerrorCodeerrorCodeerrorCodeerrorCodeerrorCodeerrorCodeerrorCodeerrorCodeerrorCodeerrorCodeerrorCodeerrorCodeerrorCodeerrorCodeerrorCodeerrorCodeerrorCodeerrorCodeerrorCodeerrorCodeerrorCodeerrorCodeerrorCodeerrorCodeerrorCodeerrorCodeerrorCodeerrorCodeerrorCodeerrorCodeerrorCodeerrorCodeerrorCodeerrorCodeerrorCodeerrorCodeerrorCodeerrorCodeerrorCodeerrorCodeerrorCodeerrorCodeerrorCodeerrorCodeerrorCodeerrorCodeerrorCodeerrorCodeerrorCodeerrorCodeerrorCodeerrorCodeerrorCodeerrorCodeerrorCodeerrorCodeerrorCodeerrorCodeerrorCodeerrorCodeerrorCodeerrorCodeerrorCodeerrorCodeerrorCodeerrorCodeerrorCodeerrorCodeerrorCodeerrorCodeerrorCodeerrorCodeerrorCodeerrorCodeerrorCodeerrorCodeerrorCodeerrorCodeerrorCodeerrorCodeerrorCodeerrorCodeerrorCodeerrorCodeerrorCodeerrorCodeerrorCodeerrorCodeerrorCodeerrorCodeerrorCodeerrorCodeerrorCodeerrorCodeerrorCodeerrorCodeerrorCodeerrorCodeerrorCodeerrorCodeerrorCodeerrorCodeerrorCodeerrorCodeerrorCodeerrorCodeerrorCodeerrorCodeerrorCodeerrorCodeerrorCodeerrorCodeerrorCodeerrorCodeerrorCodeerrorCodeerrorCodeerrorCodeerrorCodeerrorCodeerrorCodeerrorCodeerrorCodeerrorCodeerrorCodeerrorCodeerrorCodeerrorCodeerrorCodeerrorCodeerrorCodeerrorCodeerrorCodeerrorCodeerrorCodeerrorCodeerrorCodeerrorCodeerrorCodeerrorCodeerrorCodeerrorCodeerrorCodeerrorCodeerrorCodeerrorCodeerrorCodeerrorCodeerrorCodeerrorCodeerrorCodeerrorCodeerrorCodeerrorCodeerrorCodeerrorCodeerrorCodeerrorCodeerrorCodeerrorCodeerrorCodeerrorCodeerrorCodeerrorCodeerrorCodeerrorCodeerrorCodeerrorCodeerrorCodeerrorCodeerrorCodeerrorCodeerrorCodeerrorCodeerrorCodeerrorCodeerrorCodeerrorCodeerrorCodeerrorCodeerrorCodeerrorCodeerrorCodeerrorCodeerrorCodeerrorCodeerrorCodeerrorCodeerrorCodeerrorCodeerrorCodeerrorCodeerrorCodeerrorCodeerrorCodeerrorCodeerrorCodeerrorCodeerrorCodeerrorCodeerrorCodeerrorCodeerrorCodeerrorCodeerrorCodeerrorCodeerrorCodeerrorCodeerrorCodeerrorCodeerrorCodeerrorCodeerrorCodeerrorCodeerrorCodeerrorCodeerrorCodeerrorCodeerrorCodeerrorCodeerrorCodeerrorCodeerrorCodeerrorCodeerrorCodeerrorCodeerrorCodeerrorCodeerrorCodeerrorCodeerrorCodeerrorCodeerrorCodeerrorCodeerrorCodeerrorCodeerrorCodeerrorCodeerrorCodeerrorCodeerrorCodeerrorCodeerrorCodeerrorCodeerrorCodeerrorCodeerrorCodeerrorCodeerrorCodeerrorCodeerrorCodeerrorCodeerrorCodeerrorCodeerrorCodeerrorCodeerrorCodeerrorCodeerrorCodeerrorCodeerrorCodeerrorCodeerrorCodeerrorCodeerrorCodeerrorCodeerrorCodeerrorCodeerrorCodeerrorCodeerrorCodeerrorCodeerrorCodeerrorCodeerrorCodeerrorCodeerrorCodeerrorCodeerrorCodeerrorCodeerrorCodeerrorCodeerrorCodeerrorCodeerrorCodeerrorCodeerrorCodeerrorCodeerrorCodeerrorCodeerrorCodeerrorCodeerrorCodeerrorCodeerrorCodeerrorCodeerrorCodeerrorCodeerrorCodeerrorCodeerrorCodeerrorCodeerrorCodeerrorCodeerrorCodeerrorCodeerrorCodeerrorCodeerrorCodeerrorCodeerrorCodeerrorCodeerrorCodeerrorCodeerrorCodeerrorCodeerrorCodeerrorCodeerrorCodeerrorCodeerrorCodeerrorCodeerrorCodeerrorCodeerrorCodeerrorCodeerrorCodeerrorCodeerrorCodeerrorCodeerrorCodeerrorCodeerrorCodeerrorCodeerrorCodeerrorCodeerrorCodeerrorCodeerrorCodeerrorCodeerrorCodeerrorCodeerrorCodeerrorCodeerrorCodeerrorCodeerrorCodeerrorCodeerrorCodeerrorCodeerrorCodeerrorCodeerrorCodeerrorCodeerrorCodeerrorCodeerrorCodeerrorCodeerrorCodeerrorCodeerrorCodeerrorCodeerrorCodeerrorCodeerrorCodeerrorCodeerrorCodeerrorCodeerrorCodeerrorCodeerrorCodeerrorCodeerrorCodeerrorCodeerrorCodeerrorCodeerrorCodeerrorCodeerrorCodeerrorCodeerrorCodeerrorCodeerrorCodeerrorCodeerrorCodeerrorCodeerrorCodeerrorCodeerrorCodeerrorCodeerrorCodeerrorCodeerrorCodeerrorCodeerrorCodeerrorCodeerrorCodeerrorCodeerrorCodeerrorCodeerrorCodeerrorCodeerrorCodeerrorCodeerrorCodeerrorCodeerrorCodeerrorCodeerrorCodeerrorCodeerrorCodeerrorCodeerrorCodeerrorCodeerrorCodeerrorCodeerrorCodeerrorCodeerrorCodeerrorCodeerrorCodeerrorCodeerrorCodeerrorCodeerrorCodeerrorCodeerrorCodeerrorCodeerrorCodeerrorCodeerrorCodeerrorCodeerrorCodeerrorCodeerrorCodeerrorCodeerrorCodeerrorCodeerrorCodeerrorCodeerrorCodeerrorCodeerrorCodeerrorCodeerrorCodeerrorCodeerrorCodeerrorCodeerrorCodeerrorCodeerrorCodeerrorCodeerrorCodeerrorCodeerrorCodeerrorCodeerrorCodeerrorCodeerrorCodeerrorCodeerrorCodeerrorCodeerrorCodeerrorCodeerrorCodeerrorCodeerrorCodeerrorCodeerrorCodeerrorCodeerrorCodeerrorCodeerrorCodeerrorCodeerrorCodeerrorCodeerrorCodeerrorCodeerrorCodeerrorCodeerrorCodeerrorCodeerrorCodeerrorCodeerrorCodeerrorCodeerrorCodeerrorCodeerrorCodeerrorCodeerrorCodeerrorCodeerrorCodeerrorCodeerrorCodeerrorCodeerrorCodeerrorCodeerrorCodeerrorCodeerrorCodeerrorCodeerrorCodeerrorCodeerrorCodeerrorCodeerrorCodeerrorCodeerrorCodeerrorCodeerrorCodeerrorCodeerrorCodeerrorCodeerrorCodeerrorCodeerrorCodeerrorCodeerrorCodeerrorCodeerrorCodeerrorCodeerrorCodeerrorCodeerrorCodeerrorCodeerrorCodeerrorCodeerrorCodeerrorCodeerrorCodeerrorCodeerrorCodeerrorCodeerrorCodeerrorCodeerrorCodeerrorCodeerrorCodeerrorCodeerrorCodeerrorCodeerrorCodeerrorCodeerrorCodeerrorCodeerrorCodeerrorCodeerrorCodeerrorCodeerrorCodeerrorCodeerrorCodeerrorCodeerrorCodeerrorCodeerrorCodeerrorCodeerrorCodeerrorCodeerrorCodeerrorCodeerrorCodeerrorCodeerrorCodeerrorCodeerrorCodeerrorCodeerrorCodeerrorCodeerrorCodeerrorCodeerrorCodeerrorCodeerrorCodeerrorCodeerrorCodeerrorCodeerrorCodeerrorCodeerrorCodeerrorCodeerrorCodeerrorCodeerrorCodeerrorCodeerrorCodeerrorCodeerrorCodeerrorCodeerrorCodeerrorCodeerrorCodeerrorCodeerrorCodeerrorCodeerrorCodeerrorCodeerrorCodeerrorCodeerrorCodeerrorCodeerrorCodeerrorCodeerrorCodeerrorCodeerrorCodeerrorCodeerrorCodeerrorCodeerrorCodeerrorCodeerrorCodeerrorCodeerrorCodeerrorCodeerrorCodeerrorCodeerrorCodeerrorCodeerrorCodeerrorCodeerrorCodeerrorCodeerrorCodeerrorCodeerrorCodeerrorCodeerrorCodeerrorCodeerrorCodeerrorCodeerrorCodeerrorCodeerrorCodeerrorCodeerrorCodeerrorCodeerrorCodeerrorCodeerrorCodeerrorCodeerrorCodeerrorCodeerrorCodeerrorCodeerrorCodeerrorCodeerrorCodeerrorCodeerrorCodeerrorCodeerrorCodeerrorCodeerrorCodeerrorCodeerrorCodeerrorCodeerrorCodeerrorCodeerrorCodeerrorCodeerrorCodeerrorCodeerrorCodeerrorCodeerrorCodeerrorCodeerrorCodeerrorCodeerrorCodeerrorCodeerrorCodeerrorCodeerrorCodeerrorCodeerrorCodeerrorCodeerrorCodeerrorCodeerrorCodeerrorCodeerrorCodeerrorCodeerrorCodeerrorCodeerrorCodeerrorCodeerrorCodeerrorCodeerrorCodeerrorCodeerrorCodeerrorCodeerrorCodeerrorCodeerrorCodeerrorCodeerrorCodeerrorCodeerrorCodeerrorCodeerrorCodeerrorCodeerrorCodeerrorCodeerrorCodeerrorCodeerrorCodeerrorCodeerrorCodeerrorCodeerrorCodeerrorCodeerrorCodeerrorCodeerrorCodeerrorCodeerrorCodeerrorCodeerrorCodeerrorCodeerrorCodeerrorCodeerrorCodeerrorCodeerrorCodeerrorCodeerrorCodeerrorCodeerrorCodeerrorCodeerrorCodeerrorCodeerrorCodeerrorCodeerrorCodeerrorCodeerrorCodeerrorCodeerrorCodeerrorCodeerrorCodeerrorCodeerrorCodeerrorCodeerrorCodeerrorCodeerrorCodeerrorCodeerrorCodeerrorCodeerrorCodeerrorCodeerrorCodeerrorCodeerrorCodeerrorCodeerrorCodeerrorCodeerrorCodeerrorCodeerrorCodeerrorCodeerrorCodeerrorCodeerrorCodeerrorCodeerrorCodeerrorCodeerrorCodeerrorCodeerrorCodeerrorCodeerrorCodeerrorCodeerrorCodeerrorCodeerrorCodeerrorCodeerrorCodeerrorCodeerrorCodeerrorCodeerrorCodeerrorCodeerrorCodeerrorCodeerrorCodeerrorCodeerrorCodeerrorCodeerrorCodeerrorCodeerrorCodeerrorCodeerrorCodeerrorCodeerrorCodeerrorCodeerrorCodeerrorCodeerrorCodeerrorCodeerrorCodeerrorCodeerrorCodeerrorCodeerrorCodeerrorCodeerrorCodeerrorCodeerrorCodeerrorCodeerrorCodeerrorCodeerrorCodeerrorCodeerrorCodeerrorCodeerrorCodeerrorCodeerrorCodeerrorCodeerrorCodeerrorCodeerrorCodeerrorCodeerrorCodeerrorCodeerrorCodeerrorCodeerrorCodeerrorCodeerrorCodeerrorCodeerrorCodeerrorCodeerrorCodeerrorCodeerrorCodeerrorCodeerrorCodeerrorCodeerrorCodeerrorCodeerrorCodeerrorCodeerrorCodeerrorCodeerrorCodeerrorCodeerrorCodeerrorCodeerrorCodeerrorCodeerrorCodeerrorCodeerrorCodeerrorCodeerrorCodeerrorCodeerrorCodeerrorCodeerrorCodeerrorCodeerrorCodeerrorCodeerrorCodeerrorCodeerrorCodeerrorCodeerrorCodeerrorCodeerrorCodeerrorCodeerrorCodeerrorCodeerrorCodeerrorCodeerrorCodeerrorCodeerrorCodeerrorCodeerrorCodeerrorCodeerrorCodeerrorCodeerrorCodeerrorCodeerrorCodeerrorCodeerrorCodeerrorCodeerrorCodeerrorCodeerrorCodeerrorCodeerrorCodeerrorCodeerrorCodeerrorCodeerrorCodeerrorCodeerrorCodeerrorCodeerrorCodeerrorCodeerrorCodeerrorCodeerrorCodeerrorCodeerrorCodeerrorCodeerrorCodeerrorCodeerrorCodeerrorCodeerrorCodeerrorCodeerrorCodeerrorCodeerrorCodeerrorCodeerrorCodeerrorCodeerrorCodeerrorCodeerrorCodeerrorCodeerrorCodeerrorCodeerrorCodeerrorCodeerrorCodeerrorCodeerrorCodeerrorCodeerrorCodeerrorCodeerrorCodeerrorCodeerrorCodeerrorCodeerrorCodeerrorCodeerrorCodeerrorCodeerrorCodeerrorCodeerrorCodeerrorCodeerrorCodeerrorCodeerrorCodeerrorCodeerrorCodeerrorCodeerrorCodeerrorCodeerrorCodeerrorCodeerrorCodeerrorCodeerrorCodeerrorCodeerrorCodeerrorCodeerrorCodeerrorCodeerrorCodeerrorCodeerrorCodeerrorCodeerrorCodeerrorCodeerrorCodeerrorCodeerrorCodeerrorCodeerrorCodeerrorCodeerrorCodeerrorCodeerrorCodeerrorCodeerrorCodeerrorCodeerrorCodeerrorCodeerrorCodeerrorCodeerrorCodeerrorCodeerrorCodeerrorCodeerrorCodeerrorCodeerrorCodeerrorCodeerrorCodeerrorCodeerrorCodeerrorCodeerrorCodeerrorCodeerrorCodeerrorCodeerrorCodeerrorCodeerrorCodeerrorCodeerrorCodeerrorCodeerrorCodeerrorCodeerrorCodeerrorCodeerrorCodeerrorCodeerrorCodeerrorCodeerrorCodeerrorCodeerrorCodeerrorCodeerrorCodeerrorCodeerrorCodeerrorCodeerrorCodeerrorCodeerrorCodeerrorCodeerrorCodeerrorCodeerrorCodeerrorCodeerrorCodeerrorCodeerrorCodeerrorCodeerrorCodeerrorCodeerrorCodeerrorCodeerrorCodeerrorCodeerrorCodeerrorCodeerrorCodeerrorCodeerrorCodeerrorCodeerrorCodeerrorCodeerrorCodeerrorCodeerrorCodeerrorCodeerrorCodeerrorCodeerrorCodeerrorCodeerrorCodeerrorCodeerrorCodeerrorCodeerrorCodeerrorCodeerrorCodeerrorCodeerrorCodeerrorCodeerrorCodeerrorCodeerrorCodeerrorCodeerrorC",
  "error": "errorCodeerrorCodeerrorCodeerrorCodeerrorCodeerrorCodeerrorCodeerrorCodeerrorCodeerrorCodeerrorCodeerrorCodeerrorCodeerrorCodeerrorCodeerrorCodeerrorCodeerrorCodeerrorCodeerrorCodeerrorCodeerrorCodeerrorCodeerrorCodeerrorCodeerrorCodeerrorCodeerrorCodeerro",
  "taskToken": undefined,
}
`;

exports[`Step function Repository sendTaskSuccess should throw when exceed payload size limit and not call SendTaskSuccessCommand 1`] = `"payload (message.body) can't exceed 256KB"`;
