// Jest Snapshot v1, https://goo.gl/fbAQLP

exports[`camundaMessage unmap 1`] = `
Variables {
  "get": [Function],
  "getAll": [Function],
  "getAllTyped": [Function],
  "getDirtyVariables": [Function],
  "getTyped": [Function],
  "set": [Function],
  "setAll": [Function],
  "setAllTyped": [Function],
  "setTransient": [Function],
  "setTyped": [Function],
}
`;

exports[`camundaMessage wrap 1`] = `
{
  "errorDetails": "{"name":"error","message":"Oopps","retries":0,"retryTimeout":15000}",
  "errorMessage": "Oopps",
  "retries": 0,
  "retryTimeout": 15000,
}
`;
